Archive member included to satisfy reference by file (symbol)

c:/program files (x86)/microchip/xc8/v2.10/avr/bin/../lib/gcc/avr/5.4.0/avr5/memx-const\libgcc.a(_exit.o)
                              C:/Program Files (x86)/Microchip/MPLABX/v5.35/packs/Microchip/ATmega_DFP/2.1.87/gcc/dev/atmega328pb/avr5/memx-const/crtatmega328pb.o (exit)
c:/program files (x86)/microchip/xc8/v2.10/avr/bin/../lib/gcc/avr/5.4.0/avr5/memx-const\libgcc.a(_copy_data.o)
                              build/default/production/newmain.o (__do_copy_data)
c:/program files (x86)/microchip/xc8/v2.10/avr/bin/../lib/gcc/avr/5.4.0/avr5/memx-const\libgcc.a(_movmemx.o)
                              build/default/production/newmain.o (__movmemx_qi)

Discarded input sections

 .data          0x00000000        0x0 C:/Program Files (x86)/Microchip/MPLABX/v5.35/packs/Microchip/ATmega_DFP/2.1.87/gcc/dev/atmega328pb/avr5/memx-const/crtatmega328pb.o
 .bss           0x00000000        0x0 C:/Program Files (x86)/Microchip/MPLABX/v5.35/packs/Microchip/ATmega_DFP/2.1.87/gcc/dev/atmega328pb/avr5/memx-const/crtatmega328pb.o
 .text          0x00000000        0x0 build/default/production/newmain.o
 .data          0x00000000        0x0 build/default/production/newmain.o
 .bss           0x00000000        0x0 build/default/production/newmain.o
 .text.displayUART
                0x00000000       0x6a build/default/production/newmain.o
 .text          0x00000000        0x0 c:/program files (x86)/microchip/xc8/v2.10/avr/bin/../lib/gcc/avr/5.4.0/avr5/memx-const\libgcc.a(_exit.o)
 .data          0x00000000        0x0 c:/program files (x86)/microchip/xc8/v2.10/avr/bin/../lib/gcc/avr/5.4.0/avr5/memx-const\libgcc.a(_exit.o)
 .bss           0x00000000        0x0 c:/program files (x86)/microchip/xc8/v2.10/avr/bin/../lib/gcc/avr/5.4.0/avr5/memx-const\libgcc.a(_exit.o)
 .text.libgcc.mul
                0x00000000        0x0 c:/program files (x86)/microchip/xc8/v2.10/avr/bin/../lib/gcc/avr/5.4.0/avr5/memx-const\libgcc.a(_exit.o)
 .text.libgcc.div
                0x00000000        0x0 c:/program files (x86)/microchip/xc8/v2.10/avr/bin/../lib/gcc/avr/5.4.0/avr5/memx-const\libgcc.a(_exit.o)
 .text.libgcc   0x00000000        0x0 c:/program files (x86)/microchip/xc8/v2.10/avr/bin/../lib/gcc/avr/5.4.0/avr5/memx-const\libgcc.a(_exit.o)
 .text.libgcc.prologue
                0x00000000        0x0 c:/program files (x86)/microchip/xc8/v2.10/avr/bin/../lib/gcc/avr/5.4.0/avr5/memx-const\libgcc.a(_exit.o)
 .text.libgcc.builtins
                0x00000000        0x0 c:/program files (x86)/microchip/xc8/v2.10/avr/bin/../lib/gcc/avr/5.4.0/avr5/memx-const\libgcc.a(_exit.o)
 .text.libgcc.fmul
                0x00000000        0x0 c:/program files (x86)/microchip/xc8/v2.10/avr/bin/../lib/gcc/avr/5.4.0/avr5/memx-const\libgcc.a(_exit.o)
 .text.libgcc.fixed
                0x00000000        0x0 c:/program files (x86)/microchip/xc8/v2.10/avr/bin/../lib/gcc/avr/5.4.0/avr5/memx-const\libgcc.a(_exit.o)
 .text          0x00000000        0x0 c:/program files (x86)/microchip/xc8/v2.10/avr/bin/../lib/gcc/avr/5.4.0/avr5/memx-const\libgcc.a(_copy_data.o)
 .data          0x00000000        0x0 c:/program files (x86)/microchip/xc8/v2.10/avr/bin/../lib/gcc/avr/5.4.0/avr5/memx-const\libgcc.a(_copy_data.o)
 .bss           0x00000000        0x0 c:/program files (x86)/microchip/xc8/v2.10/avr/bin/../lib/gcc/avr/5.4.0/avr5/memx-const\libgcc.a(_copy_data.o)
 .text.libgcc.mul
                0x00000000        0x0 c:/program files (x86)/microchip/xc8/v2.10/avr/bin/../lib/gcc/avr/5.4.0/avr5/memx-const\libgcc.a(_copy_data.o)
 .text.libgcc.div
                0x00000000        0x0 c:/program files (x86)/microchip/xc8/v2.10/avr/bin/../lib/gcc/avr/5.4.0/avr5/memx-const\libgcc.a(_copy_data.o)
 .text.libgcc   0x00000000        0x0 c:/program files (x86)/microchip/xc8/v2.10/avr/bin/../lib/gcc/avr/5.4.0/avr5/memx-const\libgcc.a(_copy_data.o)
 .text.libgcc.prologue
                0x00000000        0x0 c:/program files (x86)/microchip/xc8/v2.10/avr/bin/../lib/gcc/avr/5.4.0/avr5/memx-const\libgcc.a(_copy_data.o)
 .text.libgcc.builtins
                0x00000000        0x0 c:/program files (x86)/microchip/xc8/v2.10/avr/bin/../lib/gcc/avr/5.4.0/avr5/memx-const\libgcc.a(_copy_data.o)
 .text.libgcc.fmul
                0x00000000        0x0 c:/program files (x86)/microchip/xc8/v2.10/avr/bin/../lib/gcc/avr/5.4.0/avr5/memx-const\libgcc.a(_copy_data.o)
 .text.libgcc.fixed
                0x00000000        0x0 c:/program files (x86)/microchip/xc8/v2.10/avr/bin/../lib/gcc/avr/5.4.0/avr5/memx-const\libgcc.a(_copy_data.o)
 .text          0x00000000        0x0 c:/program files (x86)/microchip/xc8/v2.10/avr/bin/../lib/gcc/avr/5.4.0/avr5/memx-const\libgcc.a(_movmemx.o)
 .data          0x00000000        0x0 c:/program files (x86)/microchip/xc8/v2.10/avr/bin/../lib/gcc/avr/5.4.0/avr5/memx-const\libgcc.a(_movmemx.o)
 .bss           0x00000000        0x0 c:/program files (x86)/microchip/xc8/v2.10/avr/bin/../lib/gcc/avr/5.4.0/avr5/memx-const\libgcc.a(_movmemx.o)
 .text.libgcc.mul
                0x00000000        0x0 c:/program files (x86)/microchip/xc8/v2.10/avr/bin/../lib/gcc/avr/5.4.0/avr5/memx-const\libgcc.a(_movmemx.o)
 .text.libgcc.div
                0x00000000        0x0 c:/program files (x86)/microchip/xc8/v2.10/avr/bin/../lib/gcc/avr/5.4.0/avr5/memx-const\libgcc.a(_movmemx.o)
 .text.libgcc.prologue
                0x00000000        0x0 c:/program files (x86)/microchip/xc8/v2.10/avr/bin/../lib/gcc/avr/5.4.0/avr5/memx-const\libgcc.a(_movmemx.o)
 .text.libgcc.builtins
                0x00000000        0x0 c:/program files (x86)/microchip/xc8/v2.10/avr/bin/../lib/gcc/avr/5.4.0/avr5/memx-const\libgcc.a(_movmemx.o)
 .text.libgcc.fmul
                0x00000000        0x0 c:/program files (x86)/microchip/xc8/v2.10/avr/bin/../lib/gcc/avr/5.4.0/avr5/memx-const\libgcc.a(_movmemx.o)
 .text.libgcc.fixed
                0x00000000        0x0 c:/program files (x86)/microchip/xc8/v2.10/avr/bin/../lib/gcc/avr/5.4.0/avr5/memx-const\libgcc.a(_movmemx.o)

Memory Configuration

Name             Origin             Length             Attributes
text             0x00000000         0x00008000         xr
data             0x00800100         0x00000800         rw !x
eeprom           0x00810000         0x00000400         rw !x
fuse             0x00820000         0x00000003         rw !x
lock             0x00830000         0x00000400         rw !x
signature        0x00840000         0x00000400         rw !x
user_signatures  0x00850000         0x00000400         rw !x
*default*        0x00000000         0xffffffff

Linker script and memory map

Address of section .data set to 0x800100
LOAD C:/Program Files (x86)/Microchip/MPLABX/v5.35/packs/Microchip/ATmega_DFP/2.1.87/gcc/dev/atmega328pb/avr5/memx-const/crtatmega328pb.o
                0x00000001                __MPLAB_BUILD = 0x1
LOAD build/default/production/newmain.o
START GROUP
LOAD c:/program files (x86)/microchip/xc8/v2.10/avr/bin/../lib/gcc/avr/5.4.0/../../../../avr/lib/avr5/memx-const\libm.a
END GROUP
START GROUP
LOAD c:/program files (x86)/microchip/xc8/v2.10/avr/bin/../lib/gcc/avr/5.4.0/avr5/memx-const\libgcc.a
LOAD c:/program files (x86)/microchip/xc8/v2.10/avr/bin/../lib/gcc/avr/5.4.0/../../../../avr/lib/avr5/memx-const\libm.a
LOAD c:/program files (x86)/microchip/xc8/v2.10/avr/bin/../lib/gcc/avr/5.4.0/../../../../avr/lib/avr5/memx-const\libc.a
LOAD C:/Program Files (x86)/Microchip/MPLABX/v5.35/packs/Microchip/ATmega_DFP/2.1.87/gcc/dev/atmega328pb/avr5/memx-const\libatmega328pb.a
END GROUP
                [0x00000000]                __TEXT_REGION_ORIGIN__ = DEFINED (__TEXT_REGION_ORIGIN__)?__TEXT_REGION_ORIGIN__:0x0
                [0x00800100]                __DATA_REGION_ORIGIN__ = DEFINED (__DATA_REGION_ORIGIN__)?__DATA_REGION_ORIGIN__:0x800060
                [0x00008000]                __TEXT_REGION_LENGTH__ = DEFINED (__TEXT_REGION_LENGTH__)?__TEXT_REGION_LENGTH__:0x20000
                [0x00000800]                __DATA_REGION_LENGTH__ = DEFINED (__DATA_REGION_LENGTH__)?__DATA_REGION_LENGTH__:0xffa0
                [0x00000400]                __EEPROM_REGION_LENGTH__ = DEFINED (__EEPROM_REGION_LENGTH__)?__EEPROM_REGION_LENGTH__:0x10000
                [0x00000003]                __FUSE_REGION_LENGTH__ = DEFINED (__FUSE_REGION_LENGTH__)?__FUSE_REGION_LENGTH__:0x400
                0x00000400                __LOCK_REGION_LENGTH__ = DEFINED (__LOCK_REGION_LENGTH__)?__LOCK_REGION_LENGTH__:0x400
                0x00000400                __SIGNATURE_REGION_LENGTH__ = DEFINED (__SIGNATURE_REGION_LENGTH__)?__SIGNATURE_REGION_LENGTH__:0x400
                0x00000400                __USER_SIGNATURE_REGION_LENGTH__ = DEFINED (__USER_SIGNATURE_REGION_LENGTH__)?__USER_SIGNATURE_REGION_LENGTH__:0x400

.hash
 *(.hash)

.dynsym
 *(.dynsym)

.dynstr
 *(.dynstr)

.gnu.version
 *(.gnu.version)

.gnu.version_d
 *(.gnu.version_d)

.gnu.version_r
 *(.gnu.version_r)

.rel.init
 *(.rel.init)

.rela.init
 *(.rela.init)

.rel.text
 *(.rel.text)
 *(.rel.text.*)
 *(.rel.gnu.linkonce.t*)

.rela.text
 *(.rela.text)
 *(.rela.text.*)
 *(.rela.gnu.linkonce.t*)

.rel.fini
 *(.rel.fini)

.rela.fini
 *(.rela.fini)

.rel.rodata
 *(.rel.rodata)
 *(.rel.rodata.*)
 *(.rel.gnu.linkonce.r*)

.rela.rodata
 *(.rela.rodata)
 *(.rela.rodata.*)
 *(.rela.gnu.linkonce.r*)

.rel.data
 *(.rel.data)
 *(.rel.data.*)
 *(.rel.gnu.linkonce.d*)

.rela.data
 *(.rela.data)
 *(.rela.data.*)
 *(.rela.gnu.linkonce.d*)

.rel.ctors
 *(.rel.ctors)

.rela.ctors
 *(.rela.ctors)

.rel.dtors
 *(.rel.dtors)

.rela.dtors
 *(.rela.dtors)

.rel.got
 *(.rel.got)

.rela.got
 *(.rela.got)

.rel.bss
 *(.rel.bss)

.rela.bss
 *(.rela.bss)

.rel.plt
 *(.rel.plt)

.rela.plt
 *(.rela.plt)

.text           0x00000000      0x138
 *(.vectors)
 .vectors       0x00000000       0xb4 C:/Program Files (x86)/Microchip/MPLABX/v5.35/packs/Microchip/ATmega_DFP/2.1.87/gcc/dev/atmega328pb/avr5/memx-const/crtatmega328pb.o
                0x00000000                __vector_default
                0x00000000                __vectors
 *(.vectors)
 *(.progmem.gcc*)
 *(.dinit)
 .dinit         0x000000b4       0x2f data_init
                0x000000e4                . = ALIGN (0x2)
 *fill*         0x000000e3        0x1 
                0x000000e4                __trampolines_start = .
 *(.trampolines)
 .trampolines   0x000000e4        0x0 linker stubs
 *(.trampolines*)
                0x000000e4                __trampolines_end = .
 *libprintf_flt.a:*(.progmem.data)
 *libc.a:*(.progmem.data)
                0x000000e4                . = ALIGN (0x2)
 *(.jumptables)
 *(.jumptables*)
 *(.lowtext)
 *(.lowtext*)
                0x000000e4                __ctors_start = .
 *(.ctors)
                0x000000e4                __ctors_end = .
                0x000000e4                __dtors_start = .
 *(.dtors)
                0x000000e4                __dtors_end = .
 SORT(*)(.ctors)
 SORT(*)(.dtors)
 *(.init0)
 .init0         0x000000e4        0x0 C:/Program Files (x86)/Microchip/MPLABX/v5.35/packs/Microchip/ATmega_DFP/2.1.87/gcc/dev/atmega328pb/avr5/memx-const/crtatmega328pb.o
                0x000000e4                __init
 *(.init0)
 *(.init1)
 *(.init1)
 *(.init2)
 .init2         0x000000e4        0xc C:/Program Files (x86)/Microchip/MPLABX/v5.35/packs/Microchip/ATmega_DFP/2.1.87/gcc/dev/atmega328pb/avr5/memx-const/crtatmega328pb.o
 *(.init2)
 *(.init3)
 *(.init3)
 *(.init4)
 .init4         0x000000f0       0x3c c:/program files (x86)/microchip/xc8/v2.10/avr/bin/../lib/gcc/avr/5.4.0/avr5/memx-const\libgcc.a(_copy_data.o)
                0x000000f0                __do_copy_data
                0x0000011e                __do_clear_bss
 *(.init4)
 *(.init5)
 *(.init5)
 *(.init6)
 *(.init6)
 *(.init7)
 *(.init7)
 *(.init8)
 *(.init8)
 *(.init9)
 .init9         0x0000012c        0x8 C:/Program Files (x86)/Microchip/MPLABX/v5.35/packs/Microchip/ATmega_DFP/2.1.87/gcc/dev/atmega328pb/avr5/memx-const/crtatmega328pb.o
 *(.init9)
                0x00000134                . = ALIGN (0x2)
 *(.fini9)
 .fini9         0x00000134        0x0 c:/program files (x86)/microchip/xc8/v2.10/avr/bin/../lib/gcc/avr/5.4.0/avr5/memx-const\libgcc.a(_exit.o)
                0x00000134                _exit
                0x00000134                exit
 *(.fini9)
 *(.fini8)
 *(.fini8)
 *(.fini7)
 *(.fini7)
 *(.fini6)
 *(.fini6)
 *(.fini5)
 *(.fini5)
 *(.fini4)
 *(.fini4)
 *(.fini3)
 *(.fini3)
 *(.fini2)
 *(.fini2)
 *(.fini1)
 *(.fini1)
 *(.fini0)
 .fini0         0x00000134        0x4 c:/program files (x86)/microchip/xc8/v2.10/avr/bin/../lib/gcc/avr/5.4.0/avr5/memx-const\libgcc.a(_exit.o)
 *(.fini0)
                0x00000138                _etext = .

.data           0x00800100        0x0 load address 0x00000138
                [!provide]                PROVIDE (__data_start, .)
 *(.gnu.linkonce.d*)
 *(.gnu.linkonce.r*)
                0x00800100                . = ALIGN (0x2)
                0x00800100                _edata = .
                [!provide]                PROVIDE (__data_end, .)

.bss            0x00800100        0x0
                [!provide]                PROVIDE (__bss_start, .)
 *(COMMON)
                [!provide]                PROVIDE (__bss_end, .)
                0x00000138                __data_load_start = LOADADDR (.data)
                0x00000138                __data_load_end = (__data_load_start + SIZEOF (.data))

.noinit         0x00800100        0x0
                [!provide]                PROVIDE (__noinit_start, .)
 *(.noinit*)
                [!provide]                PROVIDE (__noinit_end, .)
                0x00800100                _end = .

.eeprom         0x00810000        0x0
 *(.eeprom*)
                0x00810000                __eeprom_end = .

.fuse
 *(.fuse)
 *(.lfuse)
 *(.hfuse)
 *(.efuse)

.lock
 *(.lock*)

.signature
 *(.signature*)

.user_signatures
 *(.user_signatures*)

.stab
 *(.stab)

.stabstr
 *(.stabstr)

.stab.excl
 *(.stab.excl)

.stab.exclstr
 *(.stab.exclstr)

.stab.index
 *(.stab.index)

.stab.indexstr
 *(.stab.indexstr)

.comment        0x00000000       0x2f
 *(.comment)
 .comment       0x00000000       0x2f build/default/production/newmain.o
                                 0x30 (size before relaxing)

.note.gnu.build-id
 *(.note.gnu.build-id)

.debug
 *(.debug)

.line
 *(.line)

.debug_srcinfo
 *(.debug_srcinfo)

.debug_sfnames
 *(.debug_sfnames)

.debug_aranges  0x00000000       0x88
 *(.debug_aranges)
 .debug_aranges
                0x00000000       0x88 build/default/production/newmain.o

.debug_pubnames
 *(.debug_pubnames)

.debug_info     0x00000000     0x147c
 *(.debug_info .gnu.linkonce.wi.*)
 .debug_info    0x00000000      0x8ea C:/Program Files (x86)/Microchip/MPLABX/v5.35/packs/Microchip/ATmega_DFP/2.1.87/gcc/dev/atmega328pb/avr5/memx-const/crtatmega328pb.o
 .debug_info    0x000008ea      0xb92 build/default/production/newmain.o

.debug_abbrev   0x00000000      0xaed
 *(.debug_abbrev)
 .debug_abbrev  0x00000000      0x86e C:/Program Files (x86)/Microchip/MPLABX/v5.35/packs/Microchip/ATmega_DFP/2.1.87/gcc/dev/atmega328pb/avr5/memx-const/crtatmega328pb.o
 .debug_abbrev  0x0000086e      0x27f build/default/production/newmain.o

.debug_line     0x00000000      0xd30
 *(.debug_line .debug_line.* .debug_line_end)
 .debug_line    0x00000000      0x1a9 C:/Program Files (x86)/Microchip/MPLABX/v5.35/packs/Microchip/ATmega_DFP/2.1.87/gcc/dev/atmega328pb/avr5/memx-const/crtatmega328pb.o
 .debug_line    0x000001a9      0xb87 build/default/production/newmain.o

.debug_frame    0x00000000      0x290
 *(.debug_frame)
 .debug_frame   0x00000000      0x290 build/default/production/newmain.o

.debug_str      0x00000000      0x3a0
 *(.debug_str)
 .debug_str     0x00000000      0x318 C:/Program Files (x86)/Microchip/MPLABX/v5.35/packs/Microchip/ATmega_DFP/2.1.87/gcc/dev/atmega328pb/avr5/memx-const/crtatmega328pb.o
 .debug_str     0x00000318       0x88 build/default/production/newmain.o

.debug_loc      0x00000000      0x383
 *(.debug_loc)
 .debug_loc     0x00000000      0x383 build/default/production/newmain.o

.debug_macinfo
 *(.debug_macinfo)

.debug_weaknames
 *(.debug_weaknames)

.debug_funcnames
 *(.debug_funcnames)

.debug_typenames
 *(.debug_typenames)

.debug_varnames
 *(.debug_varnames)

.debug_pubtypes
 *(.debug_pubtypes)

.debug_ranges   0x00000000       0xd8
 *(.debug_ranges)
 .debug_ranges  0x00000000       0xd8 build/default/production/newmain.o

.debug_macro
 *(.debug_macro)
OUTPUT(dist/default/production/Final-v0.4.X.production.elf elf32-avr)
LOAD linker stubs
LOAD data_init

.note.gnu.avr.deviceinfo
                0x00000000       0x40
 .note.gnu.avr.deviceinfo
                0x00000000       0x40 C:/Program Files (x86)/Microchip/MPLABX/v5.35/packs/Microchip/ATmega_DFP/2.1.87/gcc/dev/atmega328pb/avr5/memx-const/crtatmega328pb.o

.bss.global_percent
                0x00800118        0x2
 .bss.global_percent
                0x00800118        0x2 build/default/production/newmain.o
                0x00800118                global_percent

.progmemx.data  0x00000138      0x3e6
 .progmemx.data
                0x00000138      0x3e6 build/default/production/newmain.o

.text.passwordSequence
                0x0000051e      0x2d6
 .text.passwordSequence
                0x0000051e      0x2d6 build/default/production/newmain.o
                0x0000051e                passwordSequence

.text.printPercentage
                0x000007f4      0x220
 .text.printPercentage
                0x000007f4      0x220 build/default/production/newmain.o
                0x000007f4                printPercentage

.text.getKeyInput
                0x00000a14      0x1b6
 .text.getKeyInput
                0x00000a14      0x1b6 build/default/production/newmain.o
                0x00000a14                getKeyInput

.text.settingSequence
                0x00000bca      0x18a
 .text.settingSequence
                0x00000bca      0x18a build/default/production/newmain.o
                0x00000bca                settingSequence

.text.manualMode
                0x00000d54      0x178
 .text.manualMode
                0x00000d54      0x178 build/default/production/newmain.o
                0x00000d54                manualMode

.text.autoDrive
                0x00000ecc      0x176
 .text.autoDrive
                0x00000ecc      0x176 build/default/production/newmain.o
                0x00000ecc                autoDrive

.text.__vector_11
                0x00001042       0x92
 .text.__vector_11
                0x00001042       0x92 build/default/production/newmain.o
                0x00001042                __vector_11

.text.endMower  0x000010d4       0x80
 .text.endMower
                0x000010d4       0x80 build/default/production/newmain.o
                0x000010d4                endMower

.text.__vector_14
                0x00001154       0x6e
 .text.__vector_14
                0x00001154       0x6e build/default/production/newmain.o
                0x00001154                __vector_14

.text.delay     0x000011c2       0x60
 .text.delay    0x000011c2       0x60 build/default/production/newmain.o
                0x000011c2                delay

.text.main      0x00001222       0x52
 .text.main     0x00001222       0x52 build/default/production/newmain.o
                0x00001222                main

.text.nextLine  0x00001274       0x36
 .text.nextLine
                0x00001274       0x36 build/default/production/newmain.o
                0x00001274                nextLine

.text.displayKey
                0x000012aa       0x30
 .text.displayKey
                0x000012aa       0x30 build/default/production/newmain.o
                0x000012aa                displayKey

.text.libgcc    0x000012da       0x1a
 .text.libgcc   0x000012da       0x1a c:/program files (x86)/microchip/xc8/v2.10/avr/bin/../lib/gcc/avr/5.4.0/avr5/memx-const\libgcc.a(_movmemx.o)
                0x000012da                __movmemx_qi
                0x000012dc                __movmemx_hi

.text           0x000012f4        0x4
 .text          0x000012f4        0x4 C:/Program Files (x86)/Microchip/MPLABX/v5.35/packs/Microchip/ATmega_DFP/2.1.87/gcc/dev/atmega328pb/avr5/memx-const/crtatmega328pb.o
                0x000012f4                __vector_38
                0x000012f4                __vector_22
                0x000012f4                __vector_28
                0x000012f4                __vector_1
                0x000012f4                __vector_32
                0x000012f4                __vector_34
                0x000012f4                __vector_24
                0x000012f4                __vector_12
                0x000012f4                __bad_interrupt
                0x000012f4                __vector_6
                0x000012f4                __vector_31
                0x000012f4                __vector_35
                0x000012f4                __vector_39
                0x000012f4                __vector_3
                0x000012f4                __vector_23
                0x000012f4                __vector_30
                0x000012f4                __vector_25
                0x000012f4                __vector_13
                0x000012f4                __vector_17
                0x000012f4                __vector_19
                0x000012f4                __vector_7
                0x000012f4                __vector_41
                0x000012f4                __vector_43
                0x000012f4                __vector_27
                0x000012f4                __vector_5
                0x000012f4                __vector_33
                0x000012f4                __vector_37
                0x000012f4                __vector_4
                0x000012f4                __vector_44
                0x000012f4                __vector_9
                0x000012f4                __vector_2
                0x000012f4                __vector_21
                0x000012f4                __vector_15
                0x000012f4                __vector_36
                0x000012f4                __vector_29
                0x000012f4                __vector_40
                0x000012f4                __vector_8
                0x000012f4                __vector_26
                0x000012f4                __vector_10
                0x000012f4                __vector_16
                0x000012f4                __vector_18
                0x000012f4                __vector_20
                0x000012f4                __vector_42

.data.isr_count_timer1.2282
                0x00800100        0x4 load address 0x000012f8
 .data.isr_count_timer1.2282
                0x00800100        0x4 build/default/production/newmain.o

.data.isr_count_timer0.2276
                0x00800104        0x4 load address 0x000012fc
 .data.isr_count_timer0.2276
                0x00800104        0x4 build/default/production/newmain.o

.data.line_time
                0x00800108        0x4 load address 0x00001300
 .data.line_time
                0x00800108        0x4 build/default/production/newmain.o
                0x00800108                line_time

.data.turn_time
                0x0080010c        0x4 load address 0x00001304
 .data.turn_time
                0x0080010c        0x4 build/default/production/newmain.o
                0x0080010c                turn_time

.data.small_amount
                0x00800110        0x4 load address 0x00001308
 .data.small_amount
                0x00800110        0x4 build/default/production/newmain.o
                0x00800110                small_amount

.data.amount    0x00800114        0x4 load address 0x0000130c
 .data.amount   0x00800114        0x4 build/default/production/newmain.o
                0x00800114                amount
